// Jest Snapshot v1, https://goo.gl/fbAQLP

exports[`Footer testing Match Snapshot 1`] = `
<footer
  className="footer"
>
  <a
    href="./"
  >
    Terminos de uso
  </a>
  <a
    href="./"
  >
    Declaraci√≥n de Privacidad
  </a>
  <a
    href="./"
  >
    Centro de Ayuda
  </a>
</footer>
`;
